2026-08-01 22:11:00 [restartedMain] INFO  com.studentmanagement.StudentManagementApplication - Starting StudentManagementApplication using Java 21.0.10 with PID 17268 (E:\Project_2026\July\StudentManagement\target\classes started by pulak in E:\Project_2026\July\StudentManagement)
2026-08-01 22:11:00 [restartedMain] INFO  com.studentmanagement.StudentManagementApplication - No active profile set, falling back to 1 default profile: "default"
2026-08-01 22:11:00 [restartedMain] INFO  org.springframework.boot.devtools.env.DevToolsPropertyDefaultsPostProcessor - Devtools property defaults active! Set 'spring.devtools.add-properties' to 'false' to disable
2026-08-01 22:11:00 [restartedMain] INFO  org.springframework.boot.devtools.env.DevToolsPropertyDefaultsPostProcessor - For additional web related logging consider setting the 'logging.level.web' property to 'DEBUG'
2026-08-01 22:11:00 [restartedMain] INFO  org.springframework.data.repository.config.RepositoryConfigurationDelegate - Bootstrapping Spring Data JPA repositories in DEFAULT mode.
2026-08-01 22:11:00 [restartedMain] INFO  org.springframework.data.repository.config.RepositoryConfigurationDelegate - Finished Spring Data repository scanning in 37 ms. Found 1 JPA repository interface.
2026-08-01 22:11:01 [restartedMain] INFO  org.springframework.boot.tomcat.TomcatWebServer - Tomcat initialized with port 8080 (http)
2026-08-01 22:11:01 [restartedMain] INFO  org.apache.catalina.core.StandardService - Starting service [Tomcat]
2026-08-01 22:11:01 [restartedMain] INFO  org.apache.catalina.core.StandardEngine - Starting Servlet engine: [Apache Tomcat/11.0.22]
2026-08-01 22:11:01 [restartedMain] INFO  org.springframework.boot.web.context.servlet.WebApplicationContextInitializer - Root WebApplicationContext: initialization completed in 1423 ms
2026-08-01 22:11:01 [restartedMain] INFO  org.hibernate.orm.jpa - HHH008540: Processing PersistenceUnitInfo [name: default]
2026-08-01 22:11:02 [restartedMain] INFO  org.hibernate.orm.core - HHH000001: Hibernate ORM core version 7.4.1.Final
2026-08-01 22:11:03 [restartedMain] INFO  org.springframework.orm.jpa.persistenceunit.SpringPersistenceUnitInfo - No LoadTimeWeaver setup: ignoring JPA class transformer
2026-08-01 22:11:03 [restartedMain] INFO  com.zaxxer.hikari.HikariDataSource - HikariPool-1 - Starting...
2026-08-01 22:11:04 [restartedMain] INFO  com.zaxxer.hikari.pool.HikariPool - HikariPool-1 - Added connection com.mysql.cj.jdbc.ConnectionImpl@2fbf8ee3
2026-08-01 22:11:04 [restartedMain] INFO  com.zaxxer.hikari.HikariDataSource - HikariPool-1 - Start completed.
2026-08-01 22:11:04 [restartedMain] INFO  org.hibernate.orm.connections.pooling - HHH10001005: Database info:
	Database JDBC URL [jdbc:mysql://localhost:3306/student_db]
	Database driver: MySQL Connector/J
	Database dialect: MySQLDialect
	Database version: 8.0.45
	Default catalog/schema: student_db/undefined
	Autocommit mode: undefined/unknown
	Isolation level: REPEATABLE_READ [default REPEATABLE_READ]
	JDBC fetch size: none
	Pool: DataSourceConnectionProvider
	Minimum pool size: undefined/unknown
	Maximum pool size: undefined/unknown
2026-08-01 22:11:06 [restartedMain] INFO  org.hibernate.orm.core - HHH000489: No JTA platform available (set 'hibernate.transaction.jta.platform' to enable JTA platform integration)
2026-08-01 22:11:06 [restartedMain] INFO  org.springframework.orm.jpa.LocalContainerEntityManagerFactoryBean - Initialized JPA EntityManagerFactory for persistence unit 'default'
2026-08-01 22:11:06 [restartedMain] INFO  org.springframework.data.jpa.repository.query.QueryEnhancerFactories - Hibernate is in classpath; If applicable, HQL parser will be used.
2026-08-01 22:11:07 [restartedMain] WARN  org.springframework.boot.jpa.autoconfigure.JpaBaseConfiguration$JpaWebConfiguration - spring.jpa.open-in-view is enabled by default. Therefore, database queries may be performed during view rendering. Explicitly configure spring.jpa.open-in-view to disable this warning
2026-08-01 22:11:07 [restartedMain] WARN  org.springframework.boot.security.autoconfigure.UserDetailsServiceAutoConfiguration - 

Using generated security password: eba81752-ad4b-43f0-a563-796f2855db43

This generated password is for development use only. Your security configuration must be updated before running your application in production.

2026-08-01 22:11:07 [restartedMain] INFO  org.springframework.security.config.annotation.authentication.configuration.InitializeUserDetailsBeanManagerConfigurer$InitializeUserDetailsManagerConfigurer - Global AuthenticationManager configured with UserDetailsService bean with name inMemoryUserDetailsManager
2026-08-01 22:11:07 [restartedMain] INFO  org.springframework.boot.actuate.endpoint.web.EndpointLinksResolver - Exposing 1 endpoint beneath base path '/actuator'
2026-08-01 22:11:08 [restartedMain] INFO  org.springframework.boot.tomcat.TomcatWebServer - Tomcat started on port 8080 (http) with context path '/'
2026-08-01 22:11:08 [restartedMain] INFO  com.studentmanagement.StudentManagementApplication - Started StudentManagementApplication in 9.206 seconds (process running for 9.927)
2026-08-01 22:11:18 [http-nio-8080-exec-1] INFO  org.apache.catalina.core.ContainerBase.[Tomcat].[localhost].[/] - Initializing Spring DispatcherServlet 'dispatcherServlet'
2026-08-01 22:11:18 [http-nio-8080-exec-1] INFO  org.springframework.web.servlet.DispatcherServlet - Initializing Servlet 'dispatcherServlet'
2026-08-01 22:11:18 [http-nio-8080-exec-1] INFO  org.springframework.web.servlet.DispatcherServlet - Completed initialization in 4 ms
2026-08-01 22:11:18 [http-nio-8080-exec-1] INFO  com.studentmanagement.service.impl.StudentServiceImpl - Fetching all students
2026-08-01 22:11:18 [http-nio-8080-exec-1] INFO  com.studentmanagement.service.impl.StudentServiceImpl - Total students found : 12
2026-08-01 22:11:18 [http-nio-8080-exec-1] INFO  com.studentmanagement.service.impl.StudentServiceImpl - findAllStudents took: 356ms
2026-08-01 22:55:13 [HikariPool-1:housekeeper] WARN  com.zaxxer.hikari.pool.HikariPool - HikariPool-1 - Thread starvation or clock leap detected (housekeeper delta=12m6s920ms442µs100ns).
2026-08-01 23:30:14 [HikariPool-1:housekeeper] WARN  com.zaxxer.hikari.pool.HikariPool - HikariPool-1 - Thread starvation or clock leap detected (housekeeper delta=27m30s351ms426µs300ns).
2026-08-01 23:37:35 [HikariPool-1:housekeeper] WARN  com.zaxxer.hikari.pool.HikariPool - HikariPool-1 - Thread starvation or clock leap detected (housekeeper delta=7m20s943ms377µs400ns).
2026-08-01 23:51:59 [SpringApplicationShutdownHook] INFO  org.springframework.boot.tomcat.GracefulShutdown - Commencing graceful shutdown. Waiting for active requests to complete
2026-08-01 23:51:59 [tomcat-shutdown] INFO  org.springframework.boot.tomcat.GracefulShutdown - Graceful shutdown complete
2026-08-01 23:51:59 [SpringApplicationShutdownHook] INFO  org.springframework.orm.jpa.LocalContainerEntityManagerFactoryBean - Closing JPA EntityManagerFactory for persistence unit 'default'
2026-08-01 23:51:59 [SpringApplicationShutdownHook] INFO  com.zaxxer.hikari.HikariDataSource - HikariPool-1 - Shutdown initiated...
2026-08-01 23:51:59 [SpringApplicationShutdownHook] INFO  com.zaxxer.hikari.HikariDataSource - HikariPool-1 - Shutdown completed.
2026-08-01 23:52:02 [restartedMain] INFO  com.studentmanagement.StudentManagementApplication - Starting StudentManagementApplication using Java 21.0.10 with PID 24632 (E:\Project_2026\July\StudentManagement\target\classes started by pulak in E:\Project_2026\July\StudentManagement)
2026-08-01 23:52:02 [restartedMain] INFO  com.studentmanagement.StudentManagementApplication - No active profile set, falling back to 1 default profile: "default"
2026-08-01 23:52:02 [restartedMain] INFO  org.springframework.boot.devtools.env.DevToolsPropertyDefaultsPostProcessor - Devtools property defaults active! Set 'spring.devtools.add-properties' to 'false' to disable
2026-08-01 23:52:02 [restartedMain] INFO  org.springframework.boot.devtools.env.DevToolsPropertyDefaultsPostProcessor - For additional web related logging consider setting the 'logging.level.web' property to 'DEBUG'
2026-08-01 23:52:02 [restartedMain] INFO  org.springframework.data.repository.config.RepositoryConfigurationDelegate - Bootstrapping Spring Data JPA repositories in DEFAULT mode.
2026-08-01 23:52:02 [restartedMain] INFO  org.springframework.data.repository.config.RepositoryConfigurationDelegate - Finished Spring Data repository scanning in 46 ms. Found 1 JPA repository interface.
2026-08-01 23:52:03 [restartedMain] INFO  org.springframework.boot.tomcat.TomcatWebServer - Tomcat initialized with port 8080 (http)
2026-08-01 23:52:03 [restartedMain] INFO  org.apache.catalina.core.StandardService - Starting service [Tomcat]
2026-08-01 23:52:03 [restartedMain] INFO  org.apache.catalina.core.StandardEngine - Starting Servlet engine: [Apache Tomcat/11.0.22]
2026-08-01 23:52:03 [restartedMain] INFO  org.springframework.boot.web.context.servlet.WebApplicationContextInitializer - Root WebApplicationContext: initialization completed in 1717 ms
2026-08-01 23:52:04 [restartedMain] INFO  org.hibernate.orm.jpa - HHH008540: Processing PersistenceUnitInfo [name: default]
2026-08-01 23:52:04 [restartedMain] INFO  org.hibernate.orm.core - HHH000001: Hibernate ORM core version 7.4.1.Final
2026-08-01 23:52:05 [restartedMain] INFO  org.springframework.orm.jpa.persistenceunit.SpringPersistenceUnitInfo - No LoadTimeWeaver setup: ignoring JPA class transformer
2026-08-01 23:52:05 [restartedMain] INFO  com.zaxxer.hikari.HikariDataSource - HikariPool-1 - Starting...
2026-08-01 23:52:06 [restartedMain] INFO  com.zaxxer.hikari.pool.HikariPool - HikariPool-1 - Added connection com.mysql.cj.jdbc.ConnectionImpl@7a18e554
2026-08-01 23:52:06 [restartedMain] INFO  com.zaxxer.hikari.HikariDataSource - HikariPool-1 - Start completed.
2026-08-01 23:52:07 [restartedMain] INFO  org.hibernate.orm.connections.pooling - HHH10001005: Database info:
	Database JDBC URL [jdbc:mysql://localhost:3306/student_db]
	Database driver: MySQL Connector/J
	Database dialect: MySQLDialect
	Database version: 8.0.45
	Default catalog/schema: student_db/undefined
	Autocommit mode: undefined/unknown
	Isolation level: REPEATABLE_READ [default REPEATABLE_READ]
	JDBC fetch size: none
	Pool: DataSourceConnectionProvider
	Minimum pool size: undefined/unknown
	Maximum pool size: undefined/unknown
2026-08-01 23:52:09 [restartedMain] INFO  org.hibernate.orm.core - HHH000489: No JTA platform available (set 'hibernate.transaction.jta.platform' to enable JTA platform integration)
2026-08-01 23:52:09 [restartedMain] INFO  org.springframework.orm.jpa.LocalContainerEntityManagerFactoryBean - Initialized JPA EntityManagerFactory for persistence unit 'default'
2026-08-01 23:52:09 [restartedMain] INFO  org.springframework.data.jpa.repository.query.QueryEnhancerFactories - Hibernate is in classpath; If applicable, HQL parser will be used.
2026-08-01 23:52:10 [restartedMain] WARN  org.springframework.boot.jpa.autoconfigure.JpaBaseConfiguration$JpaWebConfiguration - spring.jpa.open-in-view is enabled by default. Therefore, database queries may be performed during view rendering. Explicitly configure spring.jpa.open-in-view to disable this warning
2026-08-01 23:52:10 [restartedMain] WARN  org.springframework.boot.security.autoconfigure.UserDetailsServiceAutoConfiguration - 

Using generated security password: ef83ade4-8e0b-42f0-8948-7c1e9ddef433

This generated password is for development use only. Your security configuration must be updated before running your application in production.

2026-08-01 23:52:10 [restartedMain] INFO  org.springframework.security.config.annotation.authentication.configuration.InitializeUserDetailsBeanManagerConfigurer$InitializeUserDetailsManagerConfigurer - Global AuthenticationManager configured with UserDetailsService bean with name inMemoryUserDetailsManager
2026-08-01 23:52:11 [restartedMain] INFO  org.springframework.boot.actuate.endpoint.web.EndpointLinksResolver - Exposing 1 endpoint beneath base path '/actuator'
2026-08-01 23:52:11 [restartedMain] INFO  org.springframework.boot.tomcat.TomcatWebServer - Tomcat started on port 8080 (http) with context path '/'
2026-08-01 23:52:11 [restartedMain] INFO  com.studentmanagement.StudentManagementApplication - Started StudentManagementApplication in 10.48 seconds (process running for 11.315)
2026-08-01 23:52:31 [http-nio-8080-exec-1] INFO  org.apache.catalina.core.ContainerBase.[Tomcat].[localhost].[/] - Initializing Spring DispatcherServlet 'dispatcherServlet'
2026-08-01 23:52:31 [http-nio-8080-exec-1] INFO  org.springframework.web.servlet.DispatcherServlet - Initializing Servlet 'dispatcherServlet'
2026-08-01 23:52:31 [http-nio-8080-exec-1] INFO  org.springframework.web.servlet.DispatcherServlet - Completed initialization in 2 ms
2026-08-01 23:52:31 [http-nio-8080-exec-1] INFO  com.studentmanagement.service.impl.StudentServiceImpl - Fetching all students
2026-08-01 23:52:32 [http-nio-8080-exec-1] INFO  com.studentmanagement.service.impl.StudentServiceImpl - Total students found : 12
2026-08-01 23:52:32 [http-nio-8080-exec-1] INFO  com.studentmanagement.service.impl.StudentServiceImpl - findAllStudents took: 493ms
2026-08-01 23:52:37 [http-nio-8080-exec-2] INFO  com.studentmanagement.service.impl.StudentServiceImpl - Fetching all students
2026-08-01 23:52:37 [http-nio-8080-exec-2] INFO  com.studentmanagement.service.impl.StudentServiceImpl - Total students found : 12
2026-08-01 23:52:37 [http-nio-8080-exec-2] INFO  com.studentmanagement.service.impl.StudentServiceImpl - findAllStudents took: 13ms
2026-08-01 23:53:00 [http-nio-8080-exec-5] INFO  com.studentmanagement.service.impl.StudentServiceImpl - Fetching all students
2026-08-01 23:53:00 [http-nio-8080-exec-5] INFO  com.studentmanagement.service.impl.StudentServiceImpl - Total students found : 13
2026-08-01 23:53:00 [http-nio-8080-exec-5] INFO  com.studentmanagement.service.impl.StudentServiceImpl - findAllStudents took: 22ms
2026-08-01 23:54:08 [http-nio-8080-exec-9] INFO  com.studentmanagement.service.impl.StudentServiceImpl - Fetching all students
2026-08-01 23:54:08 [http-nio-8080-exec-9] INFO  com.studentmanagement.service.impl.StudentServiceImpl - Total students found : 14
2026-08-01 23:54:08 [http-nio-8080-exec-9] INFO  com.studentmanagement.service.impl.StudentServiceImpl - findAllStudents took: 22ms
2026-08-01 23:55:52 [http-nio-8080-exec-2] INFO  com.studentmanagement.service.impl.StudentServiceImpl - Fetching all students
2026-08-01 23:55:52 [http-nio-8080-exec-2] INFO  com.studentmanagement.service.impl.StudentServiceImpl - Total students found : 15
2026-08-01 23:55:52 [http-nio-8080-exec-2] INFO  com.studentmanagement.service.impl.StudentServiceImpl - findAllStudents took: 16ms
2026-08-01 23:56:17 [http-nio-8080-exec-3] INFO  org.apache.tomcat.util.http.parser.Cookie - A cookie header was received [g_state={"i_l":0,"i_ll":1775664214574,"i_b":"jk4ghdfHCWIyFug4PxZbp7Z3bkvxfG4EwHcyXPGN0II","i_e":{"enable_itp_optimization":0}}] that contained an invalid cookie. That cookie will be ignored.
 Note: further occurrences of this error will be logged at DEBUG level.
2026-08-01 23:56:17 [http-nio-8080-exec-3] INFO  com.studentmanagement.service.impl.StudentServiceImpl - Fetching all students
2026-08-01 23:56:17 [http-nio-8080-exec-3] INFO  com.studentmanagement.service.impl.StudentServiceImpl - Total students found : 15
2026-08-01 23:56:17 [http-nio-8080-exec-3] INFO  com.studentmanagement.service.impl.StudentServiceImpl - findAllStudents took: 13ms
